
> backend@1.0.0 test
> jest --coverage --forceExit --detectOpenHandles

node.exe : FAIL tests/utils.test.js
At line:1 char:1
+ & "C:\Program Files\nodejs/node.exe" "C:\Program Files\nodejs/node_mo ...
+ ~~~~~~~~~~~~~~~~~~~~~~~~~~~~~~~~~~~~~~~~~~~~~~~~~~~~~~~~~~~~~~~~~~~~~
    + CategoryInfo          : NotSpecified: (FAIL tests/utils.test.js:String) [], RemoteException
    + FullyQualifiedErrorId : NativeCommandError
 
  ΓùÅ Utility Functions ΓÇ║ truncateHistory ΓÇ║ should return the most recent messages

    expect(received).toBe(expected) // Object.is equality

    Expected: "old2"
    Received: undefined

    [0m [90m 131 |[39m       ][33m;[39m
     [90m 132 |[39m       [36mconst[39m result [33m=[39m truncateHistory(history[33m,[39m 
[35m2[39m)[33m;[39m
    [31m[1m>[22m[39m[90m 133 |[39m       
expect(result[[35m0[39m][33m.[39mcontent)[33m.[39mtoBe([32m'old2'[39m)[33m;[39m
     [90m     |[39m                                 [31m[1m^[22m[39m
     [90m 134 |[39m       expect(result[[35m1[39m][33m.[39mcontent)[33m.[39mtoBe([32m'new1'[39m)[33m;[39m
     [90m 135 |[39m     })[33m;[39m
     [90m 136 |[39m   })[33m;[39m[0m

      at Object.toBe (tests/utils.test.js:133:33)

PASS tests/api.test.js
  ΓùÅ Console

    console.error
      [ERROR] Gemini API error GoogleGenerativeAIFetchError: [GoogleGenerativeAI Error]: Error fetching from 
https://generativelanguage.googleapis.com/v1beta/models/gemini-flash-latest:generateContent: [400 Bad Request] API key 
not valid. Please pass a valid API key. [{"@type":"type.googleapis.com/google.rpc.ErrorInfo","reason":"API_KEY_INVALID"
,"domain":"googleapis.com","metadata":{"service":"generativelanguage.googleapis.com"}},{"@type":"type.googleapis.com/go
ogle.rpc.LocalizedMessage","locale":"en-US","message":"API key not valid. Please pass a valid API key."}]
          at handleResponseNotOk 
(C:\Users\Asus\Desktop\prmtwar4\backend\node_modules\@google\generative-ai\dist\index.js:414:11)
          at processTicksAndRejections (node:internal/process/task_queues:104:5)
          at makeRequest 
(C:\Users\Asus\Desktop\prmtwar4\backend\node_modules\@google\generative-ai\dist\index.js:387:9)
          at generateContent 
(C:\Users\Asus\Desktop\prmtwar4\backend\node_modules\@google\generative-ai\dist\index.js:832:22)
          at ChatSession.sendMessage 
(C:\Users\Asus\Desktop\prmtwar4\backend\node_modules\@google\generative-ai\dist\index.js:1146:9)
          at getElectionResponse (C:\Users\Asus\Desktop\prmtwar4\backend\services\aiService.js:67:20)
          at C:\Users\Asus\Desktop\prmtwar4\backend\routes\aiRoutes.js:53:22 {
        status: 400,
        statusText: 'Bad Request',
        errorDetails: [
          {
            '@type': 'type.googleapis.com/google.rpc.ErrorInfo',
            reason: 'API_KEY_INVALID',
            domain: 'googleapis.com',
            metadata: [Object]
          },
          {
            '@type': 'type.googleapis.com/google.rpc.LocalizedMessage',
            locale: 'en-US',
            message: 'API key not valid. Please pass a valid API key.'
          }
        ]
      }

    [0m [90m 64 |[39m       client[33m.[39mwrite(entry)[33m.[39m[36mcatch[39m(() [33m=>[39m {})[33m;[39m
     [90m 65 |[39m     }
    [31m[1m>[22m[39m[90m 66 |[39m     console[33m.[39merror([32m`[ERROR] ${message}`[39m[33m,[39m 
error)[33m;[39m
     [90m    |[39m             [31m[1m^[22m[39m
     [90m 67 |[39m   }[33m,[39m
     [90m 68 |[39m
     [90m 69 |[39m   [90m/**[39m[0m

      at Object.error (services/logger.js:66:13)
      at error (services/aiService.js:83:12)
      at routes/aiRoutes.js:53:22

    console.error
      [ERROR] AI route error GoogleGenerativeAIFetchError: [GoogleGenerativeAI Error]: Error fetching from 
https://generativelanguage.googleapis.com/v1beta/models/gemini-flash-latest:generateContent: [400 Bad Request] API key 
not valid. Please pass a valid API key. [{"@type":"type.googleapis.com/google.rpc.ErrorInfo","reason":"API_KEY_INVALID"
,"domain":"googleapis.com","metadata":{"service":"generativelanguage.googleapis.com"}},{"@type":"type.googleapis.com/go
ogle.rpc.LocalizedMessage","locale":"en-US","message":"API key not valid. Please pass a valid API key."}]
          at handleResponseNotOk 
(C:\Users\Asus\Desktop\prmtwar4\backend\node_modules\@google\generative-ai\dist\index.js:414:11)
          at processTicksAndRejections (node:internal/process/task_queues:104:5)
          at makeRequest 
(C:\Users\Asus\Desktop\prmtwar4\backend\node_modules\@google\generative-ai\dist\index.js:387:9)
          at generateContent 
(C:\Users\Asus\Desktop\prmtwar4\backend\node_modules\@google\generative-ai\dist\index.js:832:22)
          at ChatSession.sendMessage 
(C:\Users\Asus\Desktop\prmtwar4\backend\node_modules\@google\generative-ai\dist\index.js:1146:9)
          at getElectionResponse (C:\Users\Asus\Desktop\prmtwar4\backend\services\aiService.js:67:20)
          at C:\Users\Asus\Desktop\prmtwar4\backend\routes\aiRoutes.js:53:22 {
        status: 400,
        statusText: 'Bad Request',
        errorDetails: [
          {
            '@type': 'type.googleapis.com/google.rpc.ErrorInfo',
            reason: 'API_KEY_INVALID',
            domain: 'googleapis.com',
            metadata: [Object]
          },
          {
            '@type': 'type.googleapis.com/google.rpc.LocalizedMessage',
            locale: 'en-US',
            message: 'API key not valid. Please pass a valid API key.'
          }
        ]
      }

    [0m [90m 64 |[39m       client[33m.[39mwrite(entry)[33m.[39m[36mcatch[39m(() [33m=>[39m {})[33m;[39m
     [90m 65 |[39m     }
    [31m[1m>[22m[39m[90m 66 |[39m     console[33m.[39merror([32m`[ERROR] ${message}`[39m[33m,[39m 
error)[33m;[39m
     [90m    |[39m             [31m[1m^[22m[39m
     [90m 67 |[39m   }[33m,[39m
     [90m 68 |[39m
     [90m 69 |[39m   [90m/**[39m[0m

      at Object.error (services/logger.js:66:13)
      at error (routes/aiRoutes.js:71:12)

    console.error
      [ERROR] Gemini API error GoogleGenerativeAIFetchError: [GoogleGenerativeAI Error]: Error fetching from 
https://generativelanguage.googleapis.com/v1beta/models/gemini-flash-latest:generateContent: [400 Bad Request] API key 
not valid. Please pass a valid API key. [{"@type":"type.googleapis.com/google.rpc.ErrorInfo","reason":"API_KEY_INVALID"
,"domain":"googleapis.com","metadata":{"service":"generativelanguage.googleapis.com"}},{"@type":"type.googleapis.com/go
ogle.rpc.LocalizedMessage","locale":"en-US","message":"API key not valid. Please pass a valid API key."}]
          at handleResponseNotOk 
(C:\Users\Asus\Desktop\prmtwar4\backend\node_modules\@google\generative-ai\dist\index.js:414:11)
          at processTicksAndRejections (node:internal/process/task_queues:104:5)
          at makeRequest 
(C:\Users\Asus\Desktop\prmtwar4\backend\node_modules\@google\generative-ai\dist\index.js:387:9)
          at generateContent 
(C:\Users\Asus\Desktop\prmtwar4\backend\node_modules\@google\generative-ai\dist\index.js:832:22)
          at ChatSession.sendMessage 
(C:\Users\Asus\Desktop\prmtwar4\backend\node_modules\@google\generative-ai\dist\index.js:1146:9)
          at getElectionResponse (C:\Users\Asus\Desktop\prmtwar4\backend\services\aiService.js:67:20)
          at C:\Users\Asus\Desktop\prmtwar4\backend\routes\aiRoutes.js:53:22 {
        status: 400,
        statusText: 'Bad Request',
        errorDetails: [
          {
            '@type': 'type.googleapis.com/google.rpc.ErrorInfo',
            reason: 'API_KEY_INVALID',
            domain: 'googleapis.com',
            metadata: [Object]
          },
          {
            '@type': 'type.googleapis.com/google.rpc.LocalizedMessage',
            locale: 'en-US',
            message: 'API key not valid. Please pass a valid API key.'
          }
        ]
      }

    [0m [90m 64 |[39m       client[33m.[39mwrite(entry)[33m.[39m[36mcatch[39m(() [33m=>[39m {})[33m;[39m
     [90m 65 |[39m     }
    [31m[1m>[22m[39m[90m 66 |[39m     console[33m.[39merror([32m`[ERROR] ${message}`[39m[33m,[39m 
error)[33m;[39m
     [90m    |[39m             [31m[1m^[22m[39m
     [90m 67 |[39m   }[33m,[39m
     [90m 68 |[39m
     [90m 69 |[39m   [90m/**[39m[0m

      at Object.error (services/logger.js:66:13)
      at error (services/aiService.js:83:12)
      at routes/aiRoutes.js:53:22

    console.error
      [ERROR] AI route error GoogleGenerativeAIFetchError: [GoogleGenerativeAI Error]: Error fetching from 
https://generativelanguage.googleapis.com/v1beta/models/gemini-flash-latest:generateContent: [400 Bad Request] API key 
not valid. Please pass a valid API key. [{"@type":"type.googleapis.com/google.rpc.ErrorInfo","reason":"API_KEY_INVALID"
,"domain":"googleapis.com","metadata":{"service":"generativelanguage.googleapis.com"}},{"@type":"type.googleapis.com/go
ogle.rpc.LocalizedMessage","locale":"en-US","message":"API key not valid. Please pass a valid API key."}]
          at handleResponseNotOk 
(C:\Users\Asus\Desktop\prmtwar4\backend\node_modules\@google\generative-ai\dist\index.js:414:11)
          at processTicksAndRejections (node:internal/process/task_queues:104:5)
          at makeRequest 
(C:\Users\Asus\Desktop\prmtwar4\backend\node_modules\@google\generative-ai\dist\index.js:387:9)
          at generateContent 
(C:\Users\Asus\Desktop\prmtwar4\backend\node_modules\@google\generative-ai\dist\index.js:832:22)
          at ChatSession.sendMessage 
(C:\Users\Asus\Desktop\prmtwar4\backend\node_modules\@google\generative-ai\dist\index.js:1146:9)
          at getElectionResponse (C:\Users\Asus\Desktop\prmtwar4\backend\services\aiService.js:67:20)
          at C:\Users\Asus\Desktop\prmtwar4\backend\routes\aiRoutes.js:53:22 {
        status: 400,
        statusText: 'Bad Request',
        errorDetails: [
          {
            '@type': 'type.googleapis.com/google.rpc.ErrorInfo',
            reason: 'API_KEY_INVALID',
            domain: 'googleapis.com',
            metadata: [Object]
          },
          {
            '@type': 'type.googleapis.com/google.rpc.LocalizedMessage',
            locale: 'en-US',
            message: 'API key not valid. Please pass a valid API key.'
          }
        ]
      }

    [0m [90m 64 |[39m       client[33m.[39mwrite(entry)[33m.[39m[36mcatch[39m(() [33m=>[39m {})[33m;[39m
     [90m 65 |[39m     }
    [31m[1m>[22m[39m[90m 66 |[39m     console[33m.[39merror([32m`[ERROR] ${message}`[39m[33m,[39m 
error)[33m;[39m
     [90m    |[39m             [31m[1m^[22m[39m
     [90m 67 |[39m   }[33m,[39m
     [90m 68 |[39m
     [90m 69 |[39m   [90m/**[39m[0m

      at Object.error (services/logger.js:66:13)
      at error (routes/aiRoutes.js:71:12)

    console.error
      [ERROR] Gemini API error GoogleGenerativeAIFetchError: [GoogleGenerativeAI Error]: Error fetching from 
https://generativelanguage.googleapis.com/v1beta/models/gemini-flash-latest:generateContent: [400 Bad Request] API key 
not valid. Please pass a valid API key. [{"@type":"type.googleapis.com/google.rpc.ErrorInfo","reason":"API_KEY_INVALID"
,"domain":"googleapis.com","metadata":{"service":"generativelanguage.googleapis.com"}},{"@type":"type.googleapis.com/go
ogle.rpc.LocalizedMessage","locale":"en-US","message":"API key not valid. Please pass a valid API key."}]
          at handleResponseNotOk 
(C:\Users\Asus\Desktop\prmtwar4\backend\node_modules\@google\generative-ai\dist\index.js:414:11)
          at processTicksAndRejections (node:internal/process/task_queues:104:5)
          at makeRequest 
(C:\Users\Asus\Desktop\prmtwar4\backend\node_modules\@google\generative-ai\dist\index.js:387:9)
          at generateContent 
(C:\Users\Asus\Desktop\prmtwar4\backend\node_modules\@google\generative-ai\dist\index.js:832:22)
          at ChatSession.sendMessage 
(C:\Users\Asus\Desktop\prmtwar4\backend\node_modules\@google\generative-ai\dist\index.js:1146:9)
          at getElectionResponse (C:\Users\Asus\Desktop\prmtwar4\backend\services\aiService.js:67:20)
          at C:\Users\Asus\Desktop\prmtwar4\backend\routes\aiRoutes.js:53:22 {
        status: 400,
        statusText: 'Bad Request',
        errorDetails: [
          {
            '@type': 'type.googleapis.com/google.rpc.ErrorInfo',
            reason: 'API_KEY_INVALID',
            domain: 'googleapis.com',
            metadata: [Object]
          },
          {
            '@type': 'type.googleapis.com/google.rpc.LocalizedMessage',
            locale: 'en-US',
            message: 'API key not valid. Please pass a valid API key.'
          }
        ]
      }

    [0m [90m 64 |[39m       client[33m.[39mwrite(entry)[33m.[39m[36mcatch[39m(() [33m=>[39m {})[33m;[39m
     [90m 65 |[39m     }
    [31m[1m>[22m[39m[90m 66 |[39m     console[33m.[39merror([32m`[ERROR] ${message}`[39m[33m,[39m 
error)[33m;[39m
     [90m    |[39m             [31m[1m^[22m[39m
     [90m 67 |[39m   }[33m,[39m
     [90m 68 |[39m
     [90m 69 |[39m   [90m/**[39m[0m

      at Object.error (services/logger.js:66:13)
      at error (services/aiService.js:83:12)
      at routes/aiRoutes.js:53:22

    console.error
      [ERROR] AI route error GoogleGenerativeAIFetchError: [GoogleGenerativeAI Error]: Error fetching from 
https://generativelanguage.googleapis.com/v1beta/models/gemini-flash-latest:generateContent: [400 Bad Request] API key 
not valid. Please pass a valid API key. [{"@type":"type.googleapis.com/google.rpc.ErrorInfo","reason":"API_KEY_INVALID"
,"domain":"googleapis.com","metadata":{"service":"generativelanguage.googleapis.com"}},{"@type":"type.googleapis.com/go
ogle.rpc.LocalizedMessage","locale":"en-US","message":"API key not valid. Please pass a valid API key."}]
          at handleResponseNotOk 
(C:\Users\Asus\Desktop\prmtwar4\backend\node_modules\@google\generative-ai\dist\index.js:414:11)
          at processTicksAndRejections (node:internal/process/task_queues:104:5)
          at makeRequest 
(C:\Users\Asus\Desktop\prmtwar4\backend\node_modules\@google\generative-ai\dist\index.js:387:9)
          at generateContent 
(C:\Users\Asus\Desktop\prmtwar4\backend\node_modules\@google\generative-ai\dist\index.js:832:22)
          at ChatSession.sendMessage 
(C:\Users\Asus\Desktop\prmtwar4\backend\node_modules\@google\generative-ai\dist\index.js:1146:9)
          at getElectionResponse (C:\Users\Asus\Desktop\prmtwar4\backend\services\aiService.js:67:20)
          at C:\Users\Asus\Desktop\prmtwar4\backend\routes\aiRoutes.js:53:22 {
        status: 400,
        statusText: 'Bad Request',
        errorDetails: [
          {
            '@type': 'type.googleapis.com/google.rpc.ErrorInfo',
            reason: 'API_KEY_INVALID',
            domain: 'googleapis.com',
            metadata: [Object]
          },
          {
            '@type': 'type.googleapis.com/google.rpc.LocalizedMessage',
            locale: 'en-US',
            message: 'API key not valid. Please pass a valid API key.'
          }
        ]
      }

    [0m [90m 64 |[39m       client[33m.[39mwrite(entry)[33m.[39m[36mcatch[39m(() [33m=>[39m {})[33m;[39m
     [90m 65 |[39m     }
    [31m[1m>[22m[39m[90m 66 |[39m     console[33m.[39merror([32m`[ERROR] ${message}`[39m[33m,[39m 
error)[33m;[39m
     [90m    |[39m             [31m[1m^[22m[39m
     [90m 67 |[39m   }[33m,[39m
     [90m 68 |[39m
     [90m 69 |[39m   [90m/**[39m[0m

      at Object.error (services/logger.js:66:13)
      at error (routes/aiRoutes.js:71:12)

    console.error
      [ERROR] Gemini API error GoogleGenerativeAIFetchError: [GoogleGenerativeAI Error]: Error fetching from 
https://generativelanguage.googleapis.com/v1beta/models/gemini-flash-latest:generateContent: [400 Bad Request] API key 
not valid. Please pass a valid API key. [{"@type":"type.googleapis.com/google.rpc.ErrorInfo","reason":"API_KEY_INVALID"
,"domain":"googleapis.com","metadata":{"service":"generativelanguage.googleapis.com"}},{"@type":"type.googleapis.com/go
ogle.rpc.LocalizedMessage","locale":"en-US","message":"API key not valid. Please pass a valid API key."}]
          at handleResponseNotOk 
(C:\Users\Asus\Desktop\prmtwar4\backend\node_modules\@google\generative-ai\dist\index.js:414:11)
          at processTicksAndRejections (node:internal/process/task_queues:104:5)
          at makeRequest 
(C:\Users\Asus\Desktop\prmtwar4\backend\node_modules\@google\generative-ai\dist\index.js:387:9)
          at generateContent 
(C:\Users\Asus\Desktop\prmtwar4\backend\node_modules\@google\generative-ai\dist\index.js:832:22)
          at ChatSession.sendMessage 
(C:\Users\Asus\Desktop\prmtwar4\backend\node_modules\@google\generative-ai\dist\index.js:1146:9)
          at getElectionResponse (C:\Users\Asus\Desktop\prmtwar4\backend\services\aiService.js:67:20)
          at C:\Users\Asus\Desktop\prmtwar4\backend\routes\aiRoutes.js:53:22 {
        status: 400,
        statusText: 'Bad Request',
        errorDetails: [
          {
            '@type': 'type.googleapis.com/google.rpc.ErrorInfo',
            reason: 'API_KEY_INVALID',
            domain: 'googleapis.com',
            metadata: [Object]
          },
          {
            '@type': 'type.googleapis.com/google.rpc.LocalizedMessage',
            locale: 'en-US',
            message: 'API key not valid. Please pass a valid API key.'
          }
        ]
      }

    [0m [90m 64 |[39m       client[33m.[39mwrite(entry)[33m.[39m[36mcatch[39m(() [33m=>[39m {})[33m;[39m
     [90m 65 |[39m     }
    [31m[1m>[22m[39m[90m 66 |[39m     console[33m.[39merror([32m`[ERROR] ${message}`[39m[33m,[39m 
error)[33m;[39m
     [90m    |[39m             [31m[1m^[22m[39m
     [90m 67 |[39m   }[33m,[39m
     [90m 68 |[39m
     [90m 69 |[39m   [90m/**[39m[0m

      at Object.error (services/logger.js:66:13)
      at error (services/aiService.js:83:12)
      at routes/aiRoutes.js:53:22

    console.error
      [ERROR] AI route error GoogleGenerativeAIFetchError: [GoogleGenerativeAI Error]: Error fetching from 
https://generativelanguage.googleapis.com/v1beta/models/gemini-flash-latest:generateContent: [400 Bad Request] API key 
not valid. Please pass a valid API key. [{"@type":"type.googleapis.com/google.rpc.ErrorInfo","reason":"API_KEY_INVALID"
,"domain":"googleapis.com","metadata":{"service":"generativelanguage.googleapis.com"}},{"@type":"type.googleapis.com/go
ogle.rpc.LocalizedMessage","locale":"en-US","message":"API key not valid. Please pass a valid API key."}]
          at handleResponseNotOk 
(C:\Users\Asus\Desktop\prmtwar4\backend\node_modules\@google\generative-ai\dist\index.js:414:11)
          at processTicksAndRejections (node:internal/process/task_queues:104:5)
          at makeRequest 
(C:\Users\Asus\Desktop\prmtwar4\backend\node_modules\@google\generative-ai\dist\index.js:387:9)
          at generateContent 
(C:\Users\Asus\Desktop\prmtwar4\backend\node_modules\@google\generative-ai\dist\index.js:832:22)
          at ChatSession.sendMessage 
(C:\Users\Asus\Desktop\prmtwar4\backend\node_modules\@google\generative-ai\dist\index.js:1146:9)
          at getElectionResponse (C:\Users\Asus\Desktop\prmtwar4\backend\services\aiService.js:67:20)
          at C:\Users\Asus\Desktop\prmtwar4\backend\routes\aiRoutes.js:53:22 {
        status: 400,
        statusText: 'Bad Request',
        errorDetails: [
          {
            '@type': 'type.googleapis.com/google.rpc.ErrorInfo',
            reason: 'API_KEY_INVALID',
            domain: 'googleapis.com',
            metadata: [Object]
          },
          {
            '@type': 'type.googleapis.com/google.rpc.LocalizedMessage',
            locale: 'en-US',
            message: 'API key not valid. Please pass a valid API key.'
          }
        ]
      }

    [0m [90m 64 |[39m       client[33m.[39mwrite(entry)[33m.[39m[36mcatch[39m(() [33m=>[39m {})[33m;[39m
     [90m 65 |[39m     }
    [31m[1m>[22m[39m[90m 66 |[39m     console[33m.[39merror([32m`[ERROR] ${message}`[39m[33m,[39m 
error)[33m;[39m
     [90m    |[39m             [31m[1m^[22m[39m
     [90m 67 |[39m   }[33m,[39m
     [90m 68 |[39m
     [90m 69 |[39m   [90m/**[39m[0m

      at Object.error (services/logger.js:66:13)
      at error (routes/aiRoutes.js:71:12)

    console.error
      [ERROR] Gemini API error GoogleGenerativeAIFetchError: [GoogleGenerativeAI Error]: Error fetching from 
https://generativelanguage.googleapis.com/v1beta/models/gemini-flash-latest:generateContent: [400 Bad Request] API key 
not valid. Please pass a valid API key. [{"@type":"type.googleapis.com/google.rpc.ErrorInfo","reason":"API_KEY_INVALID"
,"domain":"googleapis.com","metadata":{"service":"generativelanguage.googleapis.com"}},{"@type":"type.googleapis.com/go
ogle.rpc.LocalizedMessage","locale":"en-US","message":"API key not valid. Please pass a valid API key."}]
          at handleResponseNotOk 
(C:\Users\Asus\Desktop\prmtwar4\backend\node_modules\@google\generative-ai\dist\index.js:414:11)
          at processTicksAndRejections (node:internal/process/task_queues:104:5)
          at makeRequest 
(C:\Users\Asus\Desktop\prmtwar4\backend\node_modules\@google\generative-ai\dist\index.js:387:9)
          at generateContent 
(C:\Users\Asus\Desktop\prmtwar4\backend\node_modules\@google\generative-ai\dist\index.js:832:22)
          at ChatSession.sendMessage 
(C:\Users\Asus\Desktop\prmtwar4\backend\node_modules\@google\generative-ai\dist\index.js:1146:9)
          at getElectionResponse (C:\Users\Asus\Desktop\prmtwar4\backend\services\aiService.js:67:20)
          at C:\Users\Asus\Desktop\prmtwar4\backend\routes\aiRoutes.js:53:22 {
        status: 400,
        statusText: 'Bad Request',
        errorDetails: [
          {
            '@type': 'type.googleapis.com/google.rpc.ErrorInfo',
            reason: 'API_KEY_INVALID',
            domain: 'googleapis.com',
            metadata: [Object]
          },
          {
            '@type': 'type.googleapis.com/google.rpc.LocalizedMessage',
            locale: 'en-US',
            message: 'API key not valid. Please pass a valid API key.'
          }
        ]
      }

    [0m [90m 64 |[39m       client[33m.[39mwrite(entry)[33m.[39m[36mcatch[39m(() [33m=>[39m {})[33m;[39m
     [90m 65 |[39m     }
    [31m[1m>[22m[39m[90m 66 |[39m     console[33m.[39merror([32m`[ERROR] ${message}`[39m[33m,[39m 
error)[33m;[39m
     [90m    |[39m             [31m[1m^[22m[39m
     [90m 67 |[39m   }[33m,[39m
     [90m 68 |[39m
     [90m 69 |[39m   [90m/**[39m[0m

      at Object.error (services/logger.js:66:13)
      at error (services/aiService.js:83:12)
      at routes/aiRoutes.js:53:22

    console.error
      [ERROR] AI route error GoogleGenerativeAIFetchError: [GoogleGenerativeAI Error]: Error fetching from 
https://generativelanguage.googleapis.com/v1beta/models/gemini-flash-latest:generateContent: [400 Bad Request] API key 
not valid. Please pass a valid API key. [{"@type":"type.googleapis.com/google.rpc.ErrorInfo","reason":"API_KEY_INVALID"
,"domain":"googleapis.com","metadata":{"service":"generativelanguage.googleapis.com"}},{"@type":"type.googleapis.com/go
ogle.rpc.LocalizedMessage","locale":"en-US","message":"API key not valid. Please pass a valid API key."}]
          at handleResponseNotOk 
(C:\Users\Asus\Desktop\prmtwar4\backend\node_modules\@google\generative-ai\dist\index.js:414:11)
          at processTicksAndRejections (node:internal/process/task_queues:104:5)
          at makeRequest 
(C:\Users\Asus\Desktop\prmtwar4\backend\node_modules\@google\generative-ai\dist\index.js:387:9)
          at generateContent 
(C:\Users\Asus\Desktop\prmtwar4\backend\node_modules\@google\generative-ai\dist\index.js:832:22)
          at ChatSession.sendMessage 
(C:\Users\Asus\Desktop\prmtwar4\backend\node_modules\@google\generative-ai\dist\index.js:1146:9)
          at getElectionResponse (C:\Users\Asus\Desktop\prmtwar4\backend\services\aiService.js:67:20)
          at C:\Users\Asus\Desktop\prmtwar4\backend\routes\aiRoutes.js:53:22 {
        status: 400,
        statusText: 'Bad Request',
        errorDetails: [
          {
            '@type': 'type.googleapis.com/google.rpc.ErrorInfo',
            reason: 'API_KEY_INVALID',
            domain: 'googleapis.com',
            metadata: [Object]
          },
          {
            '@type': 'type.googleapis.com/google.rpc.LocalizedMessage',
            locale: 'en-US',
            message: 'API key not valid. Please pass a valid API key.'
          }
        ]
      }

    [0m [90m 64 |[39m       client[33m.[39mwrite(entry)[33m.[39m[36mcatch[39m(() [33m=>[39m {})[33m;[39m
     [90m 65 |[39m     }
    [31m[1m>[22m[39m[90m 66 |[39m     console[33m.[39merror([32m`[ERROR] ${message}`[39m[33m,[39m 
error)[33m;[39m
     [90m    |[39m             [31m[1m^[22m[39m
     [90m 67 |[39m   }[33m,[39m
     [90m 68 |[39m
     [90m 69 |[39m   [90m/**[39m[0m

      at Object.error (services/logger.js:66:13)
      at error (routes/aiRoutes.js:71:12)

    console.error
      [ERROR] Gemini API error GoogleGenerativeAIFetchError: [GoogleGenerativeAI Error]: Error fetching from 
https://generativelanguage.googleapis.com/v1beta/models/gemini-flash-latest:generateContent: [400 Bad Request] API key 
not valid. Please pass a valid API key. [{"@type":"type.googleapis.com/google.rpc.ErrorInfo","reason":"API_KEY_INVALID"
,"domain":"googleapis.com","metadata":{"service":"generativelanguage.googleapis.com"}},{"@type":"type.googleapis.com/go
ogle.rpc.LocalizedMessage","locale":"en-US","message":"API key not valid. Please pass a valid API key."}]
          at handleResponseNotOk 
(C:\Users\Asus\Desktop\prmtwar4\backend\node_modules\@google\generative-ai\dist\index.js:414:11)
          at processTicksAndRejections (node:internal/process/task_queues:104:5)
          at makeRequest 
(C:\Users\Asus\Desktop\prmtwar4\backend\node_modules\@google\generative-ai\dist\index.js:387:9)
          at generateContent 
(C:\Users\Asus\Desktop\prmtwar4\backend\node_modules\@google\generative-ai\dist\index.js:832:22)
          at ChatSession.sendMessage 
(C:\Users\Asus\Desktop\prmtwar4\backend\node_modules\@google\generative-ai\dist\index.js:1146:9)
          at getElectionResponse (C:\Users\Asus\Desktop\prmtwar4\backend\services\aiService.js:67:20)
          at C:\Users\Asus\Desktop\prmtwar4\backend\routes\aiRoutes.js:53:22 {
        status: 400,
        statusText: 'Bad Request',
        errorDetails: [
          {
            '@type': 'type.googleapis.com/google.rpc.ErrorInfo',
            reason: 'API_KEY_INVALID',
            domain: 'googleapis.com',
            metadata: [Object]
          },
          {
            '@type': 'type.googleapis.com/google.rpc.LocalizedMessage',
            locale: 'en-US',
            message: 'API key not valid. Please pass a valid API key.'
          }
        ]
      }

    [0m [90m 64 |[39m       client[33m.[39mwrite(entry)[33m.[39m[36mcatch[39m(() [33m=>[39m {})[33m;[39m
     [90m 65 |[39m     }
    [31m[1m>[22m[39m[90m 66 |[39m     console[33m.[39merror([32m`[ERROR] ${message}`[39m[33m,[39m 
error)[33m;[39m
     [90m    |[39m             [31m[1m^[22m[39m
     [90m 67 |[39m   }[33m,[39m
     [90m 68 |[39m
     [90m 69 |[39m   [90m/**[39m[0m

      at Object.error (services/logger.js:66:13)
      at error (services/aiService.js:83:12)
      at routes/aiRoutes.js:53:22

    console.error
      [ERROR] AI route error GoogleGenerativeAIFetchError: [GoogleGenerativeAI Error]: Error fetching from 
https://generativelanguage.googleapis.com/v1beta/models/gemini-flash-latest:generateContent: [400 Bad Request] API key 
not valid. Please pass a valid API key. [{"@type":"type.googleapis.com/google.rpc.ErrorInfo","reason":"API_KEY_INVALID"
,"domain":"googleapis.com","metadata":{"service":"generativelanguage.googleapis.com"}},{"@type":"type.googleapis.com/go
ogle.rpc.LocalizedMessage","locale":"en-US","message":"API key not valid. Please pass a valid API key."}]
          at handleResponseNotOk 
(C:\Users\Asus\Desktop\prmtwar4\backend\node_modules\@google\generative-ai\dist\index.js:414:11)
          at processTicksAndRejections (node:internal/process/task_queues:104:5)
          at makeRequest 
(C:\Users\Asus\Desktop\prmtwar4\backend\node_modules\@google\generative-ai\dist\index.js:387:9)
          at generateContent 
(C:\Users\Asus\Desktop\prmtwar4\backend\node_modules\@google\generative-ai\dist\index.js:832:22)
          at ChatSession.sendMessage 
(C:\Users\Asus\Desktop\prmtwar4\backend\node_modules\@google\generative-ai\dist\index.js:1146:9)
          at getElectionResponse (C:\Users\Asus\Desktop\prmtwar4\backend\services\aiService.js:67:20)
          at C:\Users\Asus\Desktop\prmtwar4\backend\routes\aiRoutes.js:53:22 {
        status: 400,
        statusText: 'Bad Request',
        errorDetails: [
          {
            '@type': 'type.googleapis.com/google.rpc.ErrorInfo',
            reason: 'API_KEY_INVALID',
            domain: 'googleapis.com',
            metadata: [Object]
          },
          {
            '@type': 'type.googleapis.com/google.rpc.LocalizedMessage',
            locale: 'en-US',
            message: 'API key not valid. Please pass a valid API key.'
          }
        ]
      }

    [0m [90m 64 |[39m       client[33m.[39mwrite(entry)[33m.[39m[36mcatch[39m(() [33m=>[39m {})[33m;[39m
     [90m 65 |[39m     }
    [31m[1m>[22m[39m[90m 66 |[39m     console[33m.[39merror([32m`[ERROR] ${message}`[39m[33m,[39m 
error)[33m;[39m
     [90m    |[39m             [31m[1m^[22m[39m
     [90m 67 |[39m   }[33m,[39m
     [90m 68 |[39m
     [90m 69 |[39m   [90m/**[39m[0m

      at Object.error (services/logger.js:66:13)
      at error (routes/aiRoutes.js:71:12)

    console.error
      [ERROR] Gemini API error GoogleGenerativeAIFetchError: [GoogleGenerativeAI Error]: Error fetching from 
https://generativelanguage.googleapis.com/v1beta/models/gemini-flash-latest:generateContent: [400 Bad Request] API key 
not valid. Please pass a valid API key. [{"@type":"type.googleapis.com/google.rpc.ErrorInfo","reason":"API_KEY_INVALID"
,"domain":"googleapis.com","metadata":{"service":"generativelanguage.googleapis.com"}},{"@type":"type.googleapis.com/go
ogle.rpc.LocalizedMessage","locale":"en-US","message":"API key not valid. Please pass a valid API key."}]
          at handleResponseNotOk 
(C:\Users\Asus\Desktop\prmtwar4\backend\node_modules\@google\generative-ai\dist\index.js:414:11)
          at processTicksAndRejections (node:internal/process/task_queues:104:5)
          at makeRequest 
(C:\Users\Asus\Desktop\prmtwar4\backend\node_modules\@google\generative-ai\dist\index.js:387:9)
          at generateContent 
(C:\Users\Asus\Desktop\prmtwar4\backend\node_modules\@google\generative-ai\dist\index.js:832:22)
          at ChatSession.sendMessage 
(C:\Users\Asus\Desktop\prmtwar4\backend\node_modules\@google\generative-ai\dist\index.js:1146:9)
          at getElectionResponse (C:\Users\Asus\Desktop\prmtwar4\backend\services\aiService.js:67:20)
          at C:\Users\Asus\Desktop\prmtwar4\backend\routes\aiRoutes.js:53:22 {
        status: 400,
        statusText: 'Bad Request',
        errorDetails: [
          {
            '@type': 'type.googleapis.com/google.rpc.ErrorInfo',
            reason: 'API_KEY_INVALID',
            domain: 'googleapis.com',
            metadata: [Object]
          },
          {
            '@type': 'type.googleapis.com/google.rpc.LocalizedMessage',
            locale: 'en-US',
            message: 'API key not valid. Please pass a valid API key.'
          }
        ]
      }

    [0m [90m 64 |[39m       client[33m.[39mwrite(entry)[33m.[39m[36mcatch[39m(() [33m=>[39m {})[33m;[39m
     [90m 65 |[39m     }
    [31m[1m>[22m[39m[90m 66 |[39m     console[33m.[39merror([32m`[ERROR] ${message}`[39m[33m,[39m 
error)[33m;[39m
     [90m    |[39m             [31m[1m^[22m[39m
     [90m 67 |[39m   }[33m,[39m
     [90m 68 |[39m
     [90m 69 |[39m   [90m/**[39m[0m

      at Object.error (services/logger.js:66:13)
      at error (services/aiService.js:83:12)
      at routes/aiRoutes.js:53:22

    console.error
      [ERROR] AI route error GoogleGenerativeAIFetchError: [GoogleGenerativeAI Error]: Error fetching from 
https://generativelanguage.googleapis.com/v1beta/models/gemini-flash-latest:generateContent: [400 Bad Request] API key 
not valid. Please pass a valid API key. [{"@type":"type.googleapis.com/google.rpc.ErrorInfo","reason":"API_KEY_INVALID"
,"domain":"googleapis.com","metadata":{"service":"generativelanguage.googleapis.com"}},{"@type":"type.googleapis.com/go
ogle.rpc.LocalizedMessage","locale":"en-US","message":"API key not valid. Please pass a valid API key."}]
          at handleResponseNotOk 
(C:\Users\Asus\Desktop\prmtwar4\backend\node_modules\@google\generative-ai\dist\index.js:414:11)
          at processTicksAndRejections (node:internal/process/task_queues:104:5)
          at makeRequest 
(C:\Users\Asus\Desktop\prmtwar4\backend\node_modules\@google\generative-ai\dist\index.js:387:9)
          at generateContent 
(C:\Users\Asus\Desktop\prmtwar4\backend\node_modules\@google\generative-ai\dist\index.js:832:22)
          at ChatSession.sendMessage 
(C:\Users\Asus\Desktop\prmtwar4\backend\node_modules\@google\generative-ai\dist\index.js:1146:9)
          at getElectionResponse (C:\Users\Asus\Desktop\prmtwar4\backend\services\aiService.js:67:20)
          at C:\Users\Asus\Desktop\prmtwar4\backend\routes\aiRoutes.js:53:22 {
        status: 400,
        statusText: 'Bad Request',
        errorDetails: [
          {
            '@type': 'type.googleapis.com/google.rpc.ErrorInfo',
            reason: 'API_KEY_INVALID',
            domain: 'googleapis.com',
            metadata: [Object]
          },
          {
            '@type': 'type.googleapis.com/google.rpc.LocalizedMessage',
            locale: 'en-US',
            message: 'API key not valid. Please pass a valid API key.'
          }
        ]
      }

    [0m [90m 64 |[39m       client[33m.[39mwrite(entry)[33m.[39m[36mcatch[39m(() [33m=>[39m {})[33m;[39m
     [90m 65 |[39m     }
    [31m[1m>[22m[39m[90m 66 |[39m     console[33m.[39merror([32m`[ERROR] ${message}`[39m[33m,[39m 
error)[33m;[39m
     [90m    |[39m             [31m[1m^[22m[39m
     [90m 67 |[39m   }[33m,[39m
     [90m 68 |[39m
     [90m 69 |[39m   [90m/**[39m[0m

      at Object.error (services/logger.js:66:13)
      at error (routes/aiRoutes.js:71:12)

    console.error
      [ERROR] Gemini API error GoogleGenerativeAIFetchError: [GoogleGenerativeAI Error]: Error fetching from 
https://generativelanguage.googleapis.com/v1beta/models/gemini-flash-latest:generateContent: [400 Bad Request] API key 
not valid. Please pass a valid API key. [{"@type":"type.googleapis.com/google.rpc.ErrorInfo","reason":"API_KEY_INVALID"
,"domain":"googleapis.com","metadata":{"service":"generativelanguage.googleapis.com"}},{"@type":"type.googleapis.com/go
ogle.rpc.LocalizedMessage","locale":"en-US","message":"API key not valid. Please pass a valid API key."}]
          at handleResponseNotOk 
(C:\Users\Asus\Desktop\prmtwar4\backend\node_modules\@google\generative-ai\dist\index.js:414:11)
          at processTicksAndRejections (node:internal/process/task_queues:104:5)
          at makeRequest 
(C:\Users\Asus\Desktop\prmtwar4\backend\node_modules\@google\generative-ai\dist\index.js:387:9)
          at generateContent 
(C:\Users\Asus\Desktop\prmtwar4\backend\node_modules\@google\generative-ai\dist\index.js:832:22)
          at ChatSession.sendMessage 
(C:\Users\Asus\Desktop\prmtwar4\backend\node_modules\@google\generative-ai\dist\index.js:1146:9)
          at getElectionResponse (C:\Users\Asus\Desktop\prmtwar4\backend\services\aiService.js:67:20)
          at C:\Users\Asus\Desktop\prmtwar4\backend\routes\aiRoutes.js:53:22 {
        status: 400,
        statusText: 'Bad Request',
        errorDetails: [
          {
            '@type': 'type.googleapis.com/google.rpc.ErrorInfo',
            reason: 'API_KEY_INVALID',
            domain: 'googleapis.com',
            metadata: [Object]
          },
          {
            '@type': 'type.googleapis.com/google.rpc.LocalizedMessage',
            locale: 'en-US',
            message: 'API key not valid. Please pass a valid API key.'
          }
        ]
      }

    [0m [90m 64 |[39m       client[33m.[39mwrite(entry)[33m.[39m[36mcatch[39m(() [33m=>[39m {})[33m;[39m
     [90m 65 |[39m     }
    [31m[1m>[22m[39m[90m 66 |[39m     console[33m.[39merror([32m`[ERROR] ${message}`[39m[33m,[39m 
error)[33m;[39m
     [90m    |[39m             [31m[1m^[22m[39m
     [90m 67 |[39m   }[33m,[39m
     [90m 68 |[39m
     [90m 69 |[39m   [90m/**[39m[0m

      at Object.error (services/logger.js:66:13)
      at error (services/aiService.js:83:12)
      at routes/aiRoutes.js:53:22

    console.error
      [ERROR] AI route error GoogleGenerativeAIFetchError: [GoogleGenerativeAI Error]: Error fetching from 
https://generativelanguage.googleapis.com/v1beta/models/gemini-flash-latest:generateContent: [400 Bad Request] API key 
not valid. Please pass a valid API key. [{"@type":"type.googleapis.com/google.rpc.ErrorInfo","reason":"API_KEY_INVALID"
,"domain":"googleapis.com","metadata":{"service":"generativelanguage.googleapis.com"}},{"@type":"type.googleapis.com/go
ogle.rpc.LocalizedMessage","locale":"en-US","message":"API key not valid. Please pass a valid API key."}]
          at handleResponseNotOk 
(C:\Users\Asus\Desktop\prmtwar4\backend\node_modules\@google\generative-ai\dist\index.js:414:11)
          at processTicksAndRejections (node:internal/process/task_queues:104:5)
          at makeRequest 
(C:\Users\Asus\Desktop\prmtwar4\backend\node_modules\@google\generative-ai\dist\index.js:387:9)
          at generateContent 
(C:\Users\Asus\Desktop\prmtwar4\backend\node_modules\@google\generative-ai\dist\index.js:832:22)
          at ChatSession.sendMessage 
(C:\Users\Asus\Desktop\prmtwar4\backend\node_modules\@google\generative-ai\dist\index.js:1146:9)
          at getElectionResponse (C:\Users\Asus\Desktop\prmtwar4\backend\services\aiService.js:67:20)
          at C:\Users\Asus\Desktop\prmtwar4\backend\routes\aiRoutes.js:53:22 {
        status: 400,
        statusText: 'Bad Request',
        errorDetails: [
          {
            '@type': 'type.googleapis.com/google.rpc.ErrorInfo',
            reason: 'API_KEY_INVALID',
            domain: 'googleapis.com',
            metadata: [Object]
          },
          {
            '@type': 'type.googleapis.com/google.rpc.LocalizedMessage',
            locale: 'en-US',
            message: 'API key not valid. Please pass a valid API key.'
          }
        ]
      }

    [0m [90m 64 |[39m       client[33m.[39mwrite(entry)[33m.[39m[36mcatch[39m(() [33m=>[39m {})[33m;[39m
     [90m 65 |[39m     }
    [31m[1m>[22m[39m[90m 66 |[39m     console[33m.[39merror([32m`[ERROR] ${message}`[39m[33m,[39m 
error)[33m;[39m
     [90m    |[39m             [31m[1m^[22m[39m
     [90m 67 |[39m   }[33m,[39m
     [90m 68 |[39m
     [90m 69 |[39m   [90m/**[39m[0m

      at Object.error (services/logger.js:66:13)
      at error (routes/aiRoutes.js:71:12)

PASS tests/middleware.test.js
  ΓùÅ Console

    console.error
      [ERROR] Gemini API error GoogleGenerativeAIFetchError: [GoogleGenerativeAI Error]: Error fetching from 
https://generativelanguage.googleapis.com/v1beta/models/gemini-flash-latest:generateContent: [400 Bad Request] API key 
not valid. Please pass a valid API key. [{"@type":"type.googleapis.com/google.rpc.ErrorInfo","reason":"API_KEY_INVALID"
,"domain":"googleapis.com","metadata":{"service":"generativelanguage.googleapis.com"}},{"@type":"type.googleapis.com/go
ogle.rpc.LocalizedMessage","locale":"en-US","message":"API key not valid. Please pass a valid API key."}]
          at handleResponseNotOk 
(C:\Users\Asus\Desktop\prmtwar4\backend\node_modules\@google\generative-ai\dist\index.js:414:11)
          at processTicksAndRejections (node:internal/process/task_queues:104:5)
          at makeRequest 
(C:\Users\Asus\Desktop\prmtwar4\backend\node_modules\@google\generative-ai\dist\index.js:387:9)
          at generateContent 
(C:\Users\Asus\Desktop\prmtwar4\backend\node_modules\@google\generative-ai\dist\index.js:832:22)
          at ChatSession.sendMessage 
(C:\Users\Asus\Desktop\prmtwar4\backend\node_modules\@google\generative-ai\dist\index.js:1146:9)
          at getElectionResponse (C:\Users\Asus\Desktop\prmtwar4\backend\services\aiService.js:67:20)
          at C:\Users\Asus\Desktop\prmtwar4\backend\routes\aiRoutes.js:53:22 {
        status: 400,
        statusText: 'Bad Request',
        errorDetails: [
          {
            '@type': 'type.googleapis.com/google.rpc.ErrorInfo',
            reason: 'API_KEY_INVALID',
            domain: 'googleapis.com',
            metadata: [Object]
          },
          {
            '@type': 'type.googleapis.com/google.rpc.LocalizedMessage',
            locale: 'en-US',
            message: 'API key not valid. Please pass a valid API key.'
          }
        ]
      }

    [0m [90m 64 |[39m       client[33m.[39mwrite(entry)[33m.[39m[36mcatch[39m(() [33m=>[39m {})[33m;[39m
     [90m 65 |[39m     }
    [31m[1m>[22m[39m[90m 66 |[39m     console[33m.[39merror([32m`[ERROR] ${message}`[39m[33m,[39m 
error)[33m;[39m
     [90m    |[39m             [31m[1m^[22m[39m
     [90m 67 |[39m   }[33m,[39m
     [90m 68 |[39m
     [90m 69 |[39m   [90m/**[39m[0m

      at Object.error (services/logger.js:66:13)
      at error (services/aiService.js:83:12)
      at routes/aiRoutes.js:53:22

    console.error
      [ERROR] AI route error GoogleGenerativeAIFetchError: [GoogleGenerativeAI Error]: Error fetching from 
https://generativelanguage.googleapis.com/v1beta/models/gemini-flash-latest:generateContent: [400 Bad Request] API key 
not valid. Please pass a valid API key. [{"@type":"type.googleapis.com/google.rpc.ErrorInfo","reason":"API_KEY_INVALID"
,"domain":"googleapis.com","metadata":{"service":"generativelanguage.googleapis.com"}},{"@type":"type.googleapis.com/go
ogle.rpc.LocalizedMessage","locale":"en-US","message":"API key not valid. Please pass a valid API key."}]
          at handleResponseNotOk 
(C:\Users\Asus\Desktop\prmtwar4\backend\node_modules\@google\generative-ai\dist\index.js:414:11)
          at processTicksAndRejections (node:internal/process/task_queues:104:5)
          at makeRequest 
(C:\Users\Asus\Desktop\prmtwar4\backend\node_modules\@google\generative-ai\dist\index.js:387:9)
          at generateContent 
(C:\Users\Asus\Desktop\prmtwar4\backend\node_modules\@google\generative-ai\dist\index.js:832:22)
          at ChatSession.sendMessage 
(C:\Users\Asus\Desktop\prmtwar4\backend\node_modules\@google\generative-ai\dist\index.js:1146:9)
          at getElectionResponse (C:\Users\Asus\Desktop\prmtwar4\backend\services\aiService.js:67:20)
          at C:\Users\Asus\Desktop\prmtwar4\backend\routes\aiRoutes.js:53:22 {
        status: 400,
        statusText: 'Bad Request',
        errorDetails: [
          {
            '@type': 'type.googleapis.com/google.rpc.ErrorInfo',
            reason: 'API_KEY_INVALID',
            domain: 'googleapis.com',
            metadata: [Object]
          },
          {
            '@type': 'type.googleapis.com/google.rpc.LocalizedMessage',
            locale: 'en-US',
            message: 'API key not valid. Please pass a valid API key.'
          }
        ]
      }

    [0m [90m 64 |[39m       client[33m.[39mwrite(entry)[33m.[39m[36mcatch[39m(() [33m=>[39m {})[33m;[39m
     [90m 65 |[39m     }
    [31m[1m>[22m[39m[90m 66 |[39m     console[33m.[39merror([32m`[ERROR] ${message}`[39m[33m,[39m 
error)[33m;[39m
     [90m    |[39m             [31m[1m^[22m[39m
     [90m 67 |[39m   }[33m,[39m
     [90m 68 |[39m
     [90m 69 |[39m   [90m/**[39m[0m

      at Object.error (services/logger.js:66:13)
      at error (routes/aiRoutes.js:71:12)

    console.error
      [ERROR] Gemini API error GoogleGenerativeAIFetchError: [GoogleGenerativeAI Error]: Error fetching from 
https://generativelanguage.googleapis.com/v1beta/models/gemini-flash-latest:generateContent: [400 Bad Request] API key 
not valid. Please pass a valid API key. [{"@type":"type.googleapis.com/google.rpc.ErrorInfo","reason":"API_KEY_INVALID"
,"domain":"googleapis.com","metadata":{"service":"generativelanguage.googleapis.com"}},{"@type":"type.googleapis.com/go
ogle.rpc.LocalizedMessage","locale":"en-US","message":"API key not valid. Please pass a valid API key."}]
          at handleResponseNotOk 
(C:\Users\Asus\Desktop\prmtwar4\backend\node_modules\@google\generative-ai\dist\index.js:414:11)
          at processTicksAndRejections (node:internal/process/task_queues:104:5)
          at makeRequest 
(C:\Users\Asus\Desktop\prmtwar4\backend\node_modules\@google\generative-ai\dist\index.js:387:9)
          at generateContent 
(C:\Users\Asus\Desktop\prmtwar4\backend\node_modules\@google\generative-ai\dist\index.js:832:22)
          at ChatSession.sendMessage 
(C:\Users\Asus\Desktop\prmtwar4\backend\node_modules\@google\generative-ai\dist\index.js:1146:9)
          at getElectionResponse (C:\Users\Asus\Desktop\prmtwar4\backend\services\aiService.js:67:20)
          at C:\Users\Asus\Desktop\prmtwar4\backend\routes\aiRoutes.js:53:22 {
        status: 400,
        statusText: 'Bad Request',
        errorDetails: [
          {
            '@type': 'type.googleapis.com/google.rpc.ErrorInfo',
            reason: 'API_KEY_INVALID',
            domain: 'googleapis.com',
            metadata: [Object]
          },
          {
            '@type': 'type.googleapis.com/google.rpc.LocalizedMessage',
            locale: 'en-US',
            message: 'API key not valid. Please pass a valid API key.'
          }
        ]
      }

    [0m [90m 64 |[39m       client[33m.[39mwrite(entry)[33m.[39m[36mcatch[39m(() [33m=>[39m {})[33m;[39m
     [90m 65 |[39m     }
    [31m[1m>[22m[39m[90m 66 |[39m     console[33m.[39merror([32m`[ERROR] ${message}`[39m[33m,[39m 
error)[33m;[39m
     [90m    |[39m             [31m[1m^[22m[39m
     [90m 67 |[39m   }[33m,[39m
     [90m 68 |[39m
     [90m 69 |[39m   [90m/**[39m[0m

      at Object.error (services/logger.js:66:13)
      at error (services/aiService.js:83:12)
      at routes/aiRoutes.js:53:22

    console.error
      [ERROR] AI route error GoogleGenerativeAIFetchError: [GoogleGenerativeAI Error]: Error fetching from 
https://generativelanguage.googleapis.com/v1beta/models/gemini-flash-latest:generateContent: [400 Bad Request] API key 
not valid. Please pass a valid API key. [{"@type":"type.googleapis.com/google.rpc.ErrorInfo","reason":"API_KEY_INVALID"
,"domain":"googleapis.com","metadata":{"service":"generativelanguage.googleapis.com"}},{"@type":"type.googleapis.com/go
ogle.rpc.LocalizedMessage","locale":"en-US","message":"API key not valid. Please pass a valid API key."}]
          at handleResponseNotOk 
(C:\Users\Asus\Desktop\prmtwar4\backend\node_modules\@google\generative-ai\dist\index.js:414:11)
          at processTicksAndRejections (node:internal/process/task_queues:104:5)
          at makeRequest 
(C:\Users\Asus\Desktop\prmtwar4\backend\node_modules\@google\generative-ai\dist\index.js:387:9)
          at generateContent 
(C:\Users\Asus\Desktop\prmtwar4\backend\node_modules\@google\generative-ai\dist\index.js:832:22)
          at ChatSession.sendMessage 
(C:\Users\Asus\Desktop\prmtwar4\backend\node_modules\@google\generative-ai\dist\index.js:1146:9)
          at getElectionResponse (C:\Users\Asus\Desktop\prmtwar4\backend\services\aiService.js:67:20)
          at C:\Users\Asus\Desktop\prmtwar4\backend\routes\aiRoutes.js:53:22 {
        status: 400,
        statusText: 'Bad Request',
        errorDetails: [
          {
            '@type': 'type.googleapis.com/google.rpc.ErrorInfo',
            reason: 'API_KEY_INVALID',
            domain: 'googleapis.com',
            metadata: [Object]
          },
          {
            '@type': 'type.googleapis.com/google.rpc.LocalizedMessage',
            locale: 'en-US',
            message: 'API key not valid. Please pass a valid API key.'
          }
        ]
      }

    [0m [90m 64 |[39m       client[33m.[39mwrite(entry)[33m.[39m[36mcatch[39m(() [33m=>[39m {})[33m;[39m
     [90m 65 |[39m     }
    [31m[1m>[22m[39m[90m 66 |[39m     console[33m.[39merror([32m`[ERROR] ${message}`[39m[33m,[39m 
error)[33m;[39m
     [90m    |[39m             [31m[1m^[22m[39m
     [90m 67 |[39m   }[33m,[39m
     [90m 68 |[39m
     [90m 69 |[39m   [90m/**[39m[0m

      at Object.error (services/logger.js:66:13)
      at error (routes/aiRoutes.js:71:12)

    console.error
      [ERROR] Gemini API error GoogleGenerativeAIFetchError: [GoogleGenerativeAI Error]: Error fetching from 
https://generativelanguage.googleapis.com/v1beta/models/gemini-flash-latest:generateContent: [400 Bad Request] API key 
not valid. Please pass a valid API key. [{"@type":"type.googleapis.com/google.rpc.ErrorInfo","reason":"API_KEY_INVALID"
,"domain":"googleapis.com","metadata":{"service":"generativelanguage.googleapis.com"}},{"@type":"type.googleapis.com/go
ogle.rpc.LocalizedMessage","locale":"en-US","message":"API key not valid. Please pass a valid API key."}]
          at handleResponseNotOk 
(C:\Users\Asus\Desktop\prmtwar4\backend\node_modules\@google\generative-ai\dist\index.js:414:11)
          at processTicksAndRejections (node:internal/process/task_queues:104:5)
          at makeRequest 
(C:\Users\Asus\Desktop\prmtwar4\backend\node_modules\@google\generative-ai\dist\index.js:387:9)
          at generateContent 
(C:\Users\Asus\Desktop\prmtwar4\backend\node_modules\@google\generative-ai\dist\index.js:832:22)
          at ChatSession.sendMessage 
(C:\Users\Asus\Desktop\prmtwar4\backend\node_modules\@google\generative-ai\dist\index.js:1146:9)
          at getElectionResponse (C:\Users\Asus\Desktop\prmtwar4\backend\services\aiService.js:67:20)
          at C:\Users\Asus\Desktop\prmtwar4\backend\routes\aiRoutes.js:53:22 {
        status: 400,
        statusText: 'Bad Request',
        errorDetails: [
          {
            '@type': 'type.googleapis.com/google.rpc.ErrorInfo',
            reason: 'API_KEY_INVALID',
            domain: 'googleapis.com',
            metadata: [Object]
          },
          {
            '@type': 'type.googleapis.com/google.rpc.LocalizedMessage',
            locale: 'en-US',
            message: 'API key not valid. Please pass a valid API key.'
          }
        ]
      }

    [0m [90m 64 |[39m       client[33m.[39mwrite(entry)[33m.[39m[36mcatch[39m(() [33m=>[39m {})[33m;[39m
     [90m 65 |[39m     }
    [31m[1m>[22m[39m[90m 66 |[39m     console[33m.[39merror([32m`[ERROR] ${message}`[39m[33m,[39m 
error)[33m;[39m
     [90m    |[39m             [31m[1m^[22m[39m
     [90m 67 |[39m   }[33m,[39m
     [90m 68 |[39m
     [90m 69 |[39m   [90m/**[39m[0m

      at Object.error (services/logger.js:66:13)
      at error (services/aiService.js:83:12)
      at routes/aiRoutes.js:53:22

    console.error
      [ERROR] AI route error GoogleGenerativeAIFetchError: [GoogleGenerativeAI Error]: Error fetching from 
https://generativelanguage.googleapis.com/v1beta/models/gemini-flash-latest:generateContent: [400 Bad Request] API key 
not valid. Please pass a valid API key. [{"@type":"type.googleapis.com/google.rpc.ErrorInfo","reason":"API_KEY_INVALID"
,"domain":"googleapis.com","metadata":{"service":"generativelanguage.googleapis.com"}},{"@type":"type.googleapis.com/go
ogle.rpc.LocalizedMessage","locale":"en-US","message":"API key not valid. Please pass a valid API key."}]
          at handleResponseNotOk 
(C:\Users\Asus\Desktop\prmtwar4\backend\node_modules\@google\generative-ai\dist\index.js:414:11)
          at processTicksAndRejections (node:internal/process/task_queues:104:5)
          at makeRequest 
(C:\Users\Asus\Desktop\prmtwar4\backend\node_modules\@google\generative-ai\dist\index.js:387:9)
          at generateContent 
(C:\Users\Asus\Desktop\prmtwar4\backend\node_modules\@google\generative-ai\dist\index.js:832:22)
          at ChatSession.sendMessage 
(C:\Users\Asus\Desktop\prmtwar4\backend\node_modules\@google\generative-ai\dist\index.js:1146:9)
          at getElectionResponse (C:\Users\Asus\Desktop\prmtwar4\backend\services\aiService.js:67:20)
          at C:\Users\Asus\Desktop\prmtwar4\backend\routes\aiRoutes.js:53:22 {
        status: 400,
        statusText: 'Bad Request',
        errorDetails: [
          {
            '@type': 'type.googleapis.com/google.rpc.ErrorInfo',
            reason: 'API_KEY_INVALID',
            domain: 'googleapis.com',
            metadata: [Object]
          },
          {
            '@type': 'type.googleapis.com/google.rpc.LocalizedMessage',
            locale: 'en-US',
            message: 'API key not valid. Please pass a valid API key.'
          }
        ]
      }

    [0m [90m 64 |[39m       client[33m.[39mwrite(entry)[33m.[39m[36mcatch[39m(() [33m=>[39m {})[33m;[39m
     [90m 65 |[39m     }
    [31m[1m>[22m[39m[90m 66 |[39m     console[33m.[39merror([32m`[ERROR] ${message}`[39m[33m,[39m 
error)[33m;[39m
     [90m    |[39m             [31m[1m^[22m[39m
     [90m 67 |[39m   }[33m,[39m
     [90m 68 |[39m
     [90m 69 |[39m   [90m/**[39m[0m

      at Object.error (services/logger.js:66:13)
      at error (routes/aiRoutes.js:71:12)

PASS tests/cache.test.js
PASS tests/constants.test.js
---------------------|---------|----------|---------|---------|-------------------------
File                 | % Stmts | % Branch | % Funcs | % Lines | Uncovered Line #s       
---------------------|---------|----------|---------|---------|-------------------------
All files            |   67.26 |       50 |   63.26 |   67.61 |                         
 backend             |    95.5 |    83.87 |   83.33 |   95.18 |                         
  constants.js       |     100 |      100 |     100 |     100 |                         
  server.js          |   91.66 |       50 |   71.42 |   91.66 | 121-122,129-130         
  utils.js           |     100 |      100 |     100 |     100 |                         
 backend/middleware  |   95.12 |     91.3 |    90.9 |    97.5 |                         
  cache.js           |      96 |       60 |     100 |     100 | 27-29                   
  security.js        |   93.75 |      100 |   66.66 |   93.75 | 31                      
 backend/routes      |      75 |    56.52 |      70 |   74.35 |                         
  aiRoutes.js        |   73.33 |    33.33 |      50 |   73.33 | 37,45-46,56-69          
  candidateRoutes.js |   46.66 |        0 |       0 |   46.66 | 12-25                   
  healthRoutes.js    |   69.23 |       50 |      50 |   69.23 | 35-39                   
  quizRoutes.js      |     100 |      100 |     100 |     100 |                         
 backend/services    |   32.52 |    16.92 |      25 |   33.33 |                         
  aiService.js       |   74.07 |    47.05 |     100 |   74.07 | 17-22,68-81             
  analytics.js       |   17.85 |        0 |       0 |      20 | 19-90                   
  logger.js          |   35.71 |    23.07 |   28.57 |   34.61 | 19-26,41-49,60-64,75-83 
  mynetaService.js   |   14.28 |        0 |       0 |    14.7 | 12-67                   
  secrets.js         |       0 |      100 |       0 |       0 | 14-22                   
---------------------|---------|----------|---------|---------|-------------------------

Test Suites: 1 failed, 4 passed, 5 total
Tests:       1 failed, 111 passed, 112 total
Snapshots:   0 total
Time:        6.361 s
Ran all test suites.
